// Jest Snapshot v1, https://goo.gl/fbAQLP

exports[`GIVEN GridContainer WHEN is rendered THEN match to snapshot 1`] = `
<DocumentFragment>
  <div
    class="grid-container-root"
  >
    <div>
      example
    </div>
  </div>
</DocumentFragment>
`;
