// Jest Snapshot v1, https://goo.gl/fbAQLP

exports[`GIVEN ItemDetail WHEN is rendered THEN match to snapshot 1`] = `
<DocumentFragment>
  <div
    class="grid-container-root"
  >
    <div
      class="breadcrumb-root"
    >
      <span
        class="breadcrumb-route"
      >
        example1
      </span>
      <span
        class="breadcrumb-route"
      >
        example2
      </span>
      <span
        class="breadcrumb-route"
      >
        example3
      </span>
    </div>
    <div
      class="card-container-root"
    >
      <div
        class="item-detail-root"
      >
        <div
          class="column-1"
        >
          <div
            class="picture"
          >
            <img
              src="url.example.com"
            />
          </div>
          <div
            class="description-container"
          >
            <span
              class="description-title"
            >
              Descripci√≥n del producto
            </span>
            <span
              class="description"
            >
              description description description. Description.
            </span>
          </div>
        </div>
        <div
          class="column-2"
        >
          <span
            class="condition"
          >
            Nuevo - 123 vendidos
          </span>
          <span
            class="title"
          >
            Title title title
          </span>
          <span
            class="price"
          >
            $ 123,456
          </span>
          <button
            class="buy-button"
          >
            Comprar
          </button>
        </div>
      </div>
    </div>
  </div>
</DocumentFragment>
`;
